\BOOKMARK [0][-]{chapter*.2}{\376\377\000L\000i\000s\000t\000\040\000o\000f\000\040\000F\000i\000g\000u\000r\000e\000s}{}% 1
\BOOKMARK [0][-]{chapter*.3}{\376\377\000L\000i\000s\000t\000\040\000o\000f\000\040\000T\000a\000b\000l\000e\000s}{}% 2
\BOOKMARK [0][-]{chapter*.4}{\376\377\000L\000i\000s\000t\000\040\000o\000f\000\040\000A\000b\000b\000r\000e\000v\000i\000a\000t\000i\000o\000n\000s}{}% 3
\BOOKMARK [0][-]{chapter.1}{\376\377\000I\000n\000t\000r\000o\000d\000u\000c\000t\000i\000o\000n}{}% 4
\BOOKMARK [1][-]{section.1.1}{\376\377\000C\000h\000a\000p\000t\000e\000r\000\040\000O\000v\000e\000r\000v\000i\000e\000w}{chapter.1}% 5
\BOOKMARK [1][-]{section.1.2}{\376\377\000P\000r\000o\000b\000l\000e\000m\000\040\000B\000a\000c\000k\000g\000r\000o\000u\000n\000d}{chapter.1}% 6
\BOOKMARK [1][-]{section.1.3}{\376\377\000P\000r\000o\000b\000l\000e\000m\000\040\000S\000t\000a\000t\000e\000m\000e\000n\000t}{chapter.1}% 7
\BOOKMARK [2][-]{subsection.1.3.1}{\376\377\000I\000d\000e\000a\000l\000l\000y}{section.1.3}% 8
\BOOKMARK [2][-]{subsection.1.3.2}{\376\377\000R\000e\000a\000l\000i\000t\000y}{section.1.3}% 9
\BOOKMARK [2][-]{subsection.1.3.3}{\376\377\000C\000o\000n\000s\000e\000q\000u\000e\000n\000c\000e\000s}{section.1.3}% 10
\BOOKMARK [2][-]{subsection.1.3.4}{\376\377\000A\000i\000m}{section.1.3}% 11
\BOOKMARK [1][-]{section.1.4}{\376\377\000R\000e\000s\000e\000a\000r\000c\000h\000\040\000Q\000u\000e\000s\000t\000i\000o\000n}{chapter.1}% 12
\BOOKMARK [1][-]{section.1.5}{\376\377\000R\000e\000s\000e\000a\000r\000c\000h\000\040\000M\000o\000t\000i\000v\000a\000t\000i\000o\000n}{chapter.1}% 13
\BOOKMARK [1][-]{section.1.6}{\376\377\000R\000e\000s\000e\000a\000r\000c\000h\000\040\000A\000i\000m}{chapter.1}% 14
\BOOKMARK [1][-]{section.1.7}{\376\377\000R\000e\000s\000e\000a\000r\000c\000h\000\040\000O\000b\000j\000e\000c\000t\000i\000v\000e\000s\000\040\000O\000v\000e\000r\000v\000i\000e\000w}{chapter.1}% 15
\BOOKMARK [1][-]{section.1.8}{\376\377\000R\000i\000c\000h\000\040\000P\000i\000c\000t\000u\000r\000e\000\040\000o\000f\000\040\000t\000h\000e\000\040\000P\000r\000o\000p\000o\000s\000e\000d\000\040\000S\000o\000l\000u\000t\000i\000o\000n}{chapter.1}% 16
\BOOKMARK [1][-]{section.1.9}{\376\377\000R\000e\000s\000o\000u\000r\000c\000e\000\040\000R\000e\000q\000u\000i\000r\000e\000m\000e\000n\000t\000s}{chapter.1}% 17
\BOOKMARK [2][-]{subsection.1.9.1}{\376\377\000H\000a\000r\000d\000w\000a\000r\000e\000\040\000R\000e\000q\000u\000i\000r\000e\000m\000e\000n\000t\000s}{section.1.9}% 18
\BOOKMARK [2][-]{subsection.1.9.2}{\376\377\000S\000o\000f\000t\000w\000a\000r\000e\000\040\000R\000e\000q\000u\000i\000r\000e\000m\000e\000n\000t\000s}{section.1.9}% 19
\BOOKMARK [1][-]{section.1.10}{\376\377\000P\000r\000o\000j\000e\000c\000t\000\040\000S\000c\000o\000p\000e}{chapter.1}% 20
\BOOKMARK [2][-]{subsection.1.10.1}{\376\377\000I\000n\000-\000S\000c\000o\000p\000e\000\040\000T\000e\000c\000h\000n\000i\000c\000a\000l\000\040\000B\000o\000u\000n\000d\000a\000r\000i\000e\000s}{section.1.10}% 21
\BOOKMARK [2][-]{subsection.1.10.2}{\376\377\000O\000u\000t\000-\000o\000f\000-\000S\000c\000o\000p\000e\000\040\000B\000o\000u\000n\000d\000a\000r\000i\000e\000s\000\040\000a\000n\000d\000\040\000F\000u\000t\000u\000r\000e\000\040\000E\000x\000t\000e\000n\000s\000i\000o\000n\000s}{section.1.10}% 22
\BOOKMARK [1][-]{section.1.11}{\376\377\000C\000h\000a\000p\000t\000e\000r\000\040\000S\000u\000m\000m\000a\000r\000y}{chapter.1}% 23
\BOOKMARK [0][-]{chapter.2}{\376\377\000O\000b\000j\000e\000c\000t\000i\000v\000e\000s}{}% 24
\BOOKMARK [1][-]{section.2.1}{\376\377\000G\000e\000n\000e\000r\000a\000l\000\040\000O\000b\000j\000e\000c\000t\000i\000v\000e}{chapter.2}% 25
\BOOKMARK [1][-]{section.2.2}{\376\377\000S\000p\000e\000c\000i\000f\000i\000c\000\040\000O\000b\000j\000e\000c\000t\000i\000v\000e\000s}{chapter.2}% 26
\BOOKMARK [2][-]{subsection.2.2.1}{\376\377\000O\000b\000j\000e\000c\000t\000i\000v\000e\000\040\0001\000:\000\040\000T\000h\000e\000o\000r\000e\000t\000i\000c\000a\000l\000\040\000A\000n\000a\000l\000y\000s\000i\000s\000\040\000a\000n\000d\000\040\000B\000a\000s\000e\000l\000i\000n\000e\000\040\000R\000e\000q\000u\000i\000r\000e\000m\000e\000n\000t\000s}{section.2.2}% 27
\BOOKMARK [2][-]{subsection.2.2.2}{\376\377\000O\000b\000j\000e\000c\000t\000i\000v\000e\000\040\0002\000:\000\040\000H\000a\000n\000d\000\040\000K\000i\000n\000e\000m\000a\000t\000i\000c\000\040\000R\000e\000p\000r\000e\000s\000e\000n\000t\000a\000t\000i\000o\000n\000\040\000a\000n\000d\000\040\000S\000c\000a\000l\000e\000\040\000N\000o\000r\000m\000a\000l\000i\000z\000a\000t\000i\000o\000n}{section.2.2}% 28
\BOOKMARK [2][-]{subsection.2.2.3}{\376\377\000O\000b\000j\000e\000c\000t\000i\000v\000e\000\040\0003\000:\000\040\000D\000e\000e\000p\000\040\000L\000e\000a\000r\000n\000i\000n\000g\000\040\000S\000e\000q\000u\000e\000n\000c\000e\000\040\000M\000o\000d\000e\000l\000\040\000A\000r\000c\000h\000i\000t\000e\000c\000t\000u\000r\000e\000\040\000B\000e\000n\000c\000h\000m\000a\000r\000k}{section.2.2}% 29
\BOOKMARK [2][-]{subsection.2.2.4}{\376\377\000O\000b\000j\000e\000c\000t\000i\000v\000e\000\040\0004\000:\000\040\000S\000y\000s\000t\000e\000m\000\040\000A\000r\000c\000h\000i\000t\000e\000c\000t\000u\000r\000e\000\040\000E\000n\000g\000i\000n\000e\000e\000r\000i\000n\000g\000\040\000a\000n\000d\000\040\000T\000w\000o\000-\000A\000p\000p\000l\000i\000c\000a\000t\000i\000o\000n\000\040\000S\000u\000i\000t\000e\000\040\000D\000e\000s\000i\000g\000n}{section.2.2}% 30
\BOOKMARK [2][-]{subsection.2.2.5}{\376\377\000O\000b\000j\000e\000c\000t\000i\000v\000e\000\040\0005\000:\000\040\000E\000m\000p\000i\000r\000i\000c\000a\000l\000\040\000S\000y\000s\000t\000e\000m\000\040\000E\000v\000a\000l\000u\000a\000t\000i\000o\000n\000\040\000a\000n\000d\000\040\000F\000u\000n\000c\000t\000i\000o\000n\000a\000l\000\040\000B\000e\000n\000c\000h\000m\000a\000r\000k\000i\000n\000g}{section.2.2}% 31
\BOOKMARK [0][-]{chapter.3}{\376\377\000L\000i\000t\000e\000r\000a\000t\000u\000r\000e\000\040\000R\000e\000v\000i\000e\000w}{}% 32
\BOOKMARK [1][-]{section.3.1}{\376\377\000C\000h\000a\000p\000t\000e\000r\000\040\000O\000v\000e\000r\000v\000i\000e\000w}{chapter.3}% 33
\BOOKMARK [1][-]{section.3.2}{\376\377\000C\000o\000n\000c\000e\000p\000t\000u\000a\000l\000\040\000M\000a\000p\000\040\000o\000f\000\040\000t\000h\000e\000\040\000L\000i\000t\000e\000r\000a\000t\000u\000r\000e}{chapter.3}% 34
\BOOKMARK [2][-]{subsection.3.2.1}{\376\377\000L\000i\000t\000e\000r\000a\000t\000u\000r\000e\000\040\000S\000e\000a\000r\000c\000h\000\040\000S\000t\000r\000a\000t\000e\000g\000y\000\040\000a\000n\000d\000\040\000P\000R\000I\000S\000M\000A\000\040\0002\0000\0002\0000\000\040\000S\000y\000s\000t\000e\000m\000a\000t\000i\000c\000\040\000P\000r\000o\000t\000o\000c\000o\000l}{section.3.2}% 35
\BOOKMARK [1][-]{section.3.3}{\376\377\000D\000o\000m\000a\000i\000n\000\040\000O\000v\000e\000r\000v\000i\000e\000w}{chapter.3}% 36
\BOOKMARK [2][-]{subsection.3.3.1}{\376\377\000E\000v\000o\000l\000u\000t\000i\000o\000n\000\040\000o\000f\000\040\000T\000e\000x\000t\000\040\000E\000n\000t\000r\000y\000\040\000a\000n\000d\000\040\000S\000p\000a\000t\000i\000a\000l\000\040\000H\000C\000I\000\040\000H\000a\000r\000d\000w\000a\000r\000e}{section.3.3}% 37
\BOOKMARK [2][-]{subsection.3.3.2}{\376\377\000K\000i\000n\000e\000m\000a\000t\000i\000c\000\040\000T\000y\000p\000i\000n\000g\000\040\000D\000y\000n\000a\000m\000i\000c\000s\000\040\000a\000n\000d\000\040\000B\000i\000o\000m\000e\000c\000h\000a\000n\000i\000c\000a\000l\000\040\000S\000u\000r\000f\000a\000c\000e\000\040\000I\000m\000p\000a\000c\000t}{section.3.3}% 38
\BOOKMARK [2][-]{subsection.3.3.3}{\376\377\000E\000r\000g\000o\000n\000o\000m\000i\000c\000s\000\040\000a\000n\000d\000\040\000H\000u\000m\000a\000n\000\040\000I\000n\000p\000u\000t\000\040\000P\000e\000r\000f\000o\000r\000m\000a\000n\000c\000e\000\040\000M\000e\000t\000r\000i\000c\000s}{section.3.3}% 39
\BOOKMARK [2][-]{subsection.3.3.4}{\376\377\000M\000u\000l\000t\000i\000-\000F\000i\000n\000g\000e\000r\000\040\000T\000e\000n\000d\000o\000n\000\040\000C\000o\000u\000p\000l\000i\000n\000g}{section.3.3}% 40
\BOOKMARK [1][-]{section.3.4}{\376\377\000E\000x\000i\000s\000t\000i\000n\000g\000\040\000S\000y\000s\000t\000e\000m\000s\000\040\000a\000n\000d\000\040\000S\000e\000n\000s\000i\000n\000g\000\040\000M\000o\000d\000a\000l\000i\000t\000i\000e\000s}{chapter.3}% 41
\BOOKMARK [2][-]{subsection.3.4.1}{\376\377\000P\000r\000o\000j\000e\000c\000t\000i\000o\000n\000-\000B\000a\000s\000e\000d\000\040\000a\000n\000d\000\040\000I\000n\000f\000r\000a\000r\000e\000d\000\040\000S\000e\000n\000s\000o\000r\000\040\000S\000y\000s\000t\000e\000m\000s}{section.3.4}% 42
\BOOKMARK [2][-]{subsection.3.4.2}{\376\377\000S\000h\000a\000d\000o\000w\000-\000B\000a\000s\000e\000d\000\040\000M\000o\000n\000o\000c\000u\000l\000a\000r\000\040\000R\000G\000B\000\040\000K\000e\000y\000b\000o\000a\000r\000d\000s}{section.3.4}% 43
\BOOKMARK [2][-]{subsection.3.4.3}{\376\377\000H\000a\000r\000d\000w\000a\000r\000e\000-\000A\000s\000s\000i\000s\000t\000e\000d\000\040\000D\000e\000p\000t\000h\000\040\000S\000e\000n\000s\000o\000r\000s\000\040\000\050\000R\000G\000B\000-\000D\000\040\000a\000n\000d\000\040\000T\000o\000F\000\051}{section.3.4}% 44
\BOOKMARK [2][-]{subsection.3.4.4}{\376\377\0003\000D\000\040\000M\000i\000d\000-\000A\000i\000r\000\040\000T\000y\000p\000i\000n\000g\000\040\000a\000n\000d\000\040\000A\000R\000/\000V\000R\000\040\000V\000i\000r\000t\000u\000a\000l\000\040\000K\000e\000y\000b\000o\000a\000r\000d\000s}{section.3.4}% 45
\BOOKMARK [2][-]{subsection.3.4.5}{\376\377\000P\000a\000p\000e\000r\000-\000A\000n\000c\000h\000o\000r\000e\000d\000\040\000M\000o\000n\000o\000c\000u\000l\000a\000r\000\040\000R\000G\000B\000\040\000K\000e\000y\000b\000o\000a\000r\000d\000s}{section.3.4}% 46
\BOOKMARK [2][-]{subsection.3.4.6}{\376\377\000S\000p\000e\000c\000i\000a\000l\000i\000z\000e\000d\000\040\000a\000n\000d\000\040\000A\000s\000s\000i\000s\000t\000i\000v\000e\000\040\000M\000o\000d\000a\000l\000i\000t\000i\000e\000s}{section.3.4}% 47
\BOOKMARK [2][-]{subsection.3.4.7}{\376\377\000F\000i\000d\000u\000c\000i\000a\000l\000\040\000T\000r\000a\000c\000k\000i\000n\000g\000\040\000i\000n\000\040\000P\000l\000a\000n\000a\000r\000\040\000R\000o\000b\000o\000t\000i\000c\000s}{section.3.4}% 48
\BOOKMARK [2][-]{subsection.3.4.8}{\376\377\000C\000o\000m\000p\000a\000r\000a\000t\000i\000v\000e\000\040\000L\000i\000t\000e\000r\000a\000t\000u\000r\000e\000\040\000A\000n\000a\000l\000y\000s\000i\000s\000\040\000M\000a\000t\000r\000i\000x}{section.3.4}% 49
\BOOKMARK [1][-]{section.3.5}{\376\377\000T\000e\000c\000h\000n\000o\000l\000o\000g\000i\000c\000a\000l\000\040\000A\000n\000a\000l\000y\000s\000i\000s}{chapter.3}% 50
\BOOKMARK [2][-]{subsection.3.5.1}{\376\377\000H\000a\000n\000d\000\040\000P\000o\000s\000e\000\040\000E\000s\000t\000i\000m\000a\000t\000i\000o\000n\000\040\000a\000n\000d\000\040\000S\000k\000e\000l\000e\000t\000a\000l\000\040\000J\000o\000i\000n\000t\000\040\000T\000r\000a\000c\000k\000i\000n\000g}{section.3.5}% 51
\BOOKMARK [2][-]{subsection.3.5.2}{\376\377\000K\000i\000n\000e\000m\000a\000t\000i\000c\000\040\000S\000c\000a\000l\000e\000\040\000N\000o\000r\000m\000a\000l\000i\000z\000a\000t\000i\000o\000n\000\040\000a\000n\000d\000\040\000R\000a\000w\000\040\000F\000e\000a\000t\000u\000r\000e\000\040\000P\000r\000o\000p\000a\000g\000a\000t\000i\000o\000n}{section.3.5}% 52
\BOOKMARK [2][-]{subsection.3.5.3}{\376\377\000P\000l\000a\000n\000a\000r\000\040\000H\000o\000m\000o\000g\000r\000a\000p\000h\000y\000\040\000a\000n\000d\000\040\000F\000i\000d\000u\000c\000i\000a\000l\000\040\000T\000r\000a\000c\000k\000i\000n\000g}{section.3.5}% 53
\BOOKMARK [2][-]{subsection.3.5.4}{\376\377\000D\000e\000e\000p\000\040\000S\000e\000q\000u\000e\000n\000t\000i\000a\000l\000\040\000T\000o\000u\000c\000h\000\040\000D\000e\000t\000e\000c\000t\000i\000o\000n\000\040\000M\000o\000d\000e\000l\000s}{section.3.5}% 54
\BOOKMARK [2][-]{subsection.3.5.5}{\376\377\000S\000y\000s\000t\000e\000m\000\040\000A\000r\000c\000h\000i\000t\000e\000c\000t\000u\000r\000e\000\040\000S\000e\000n\000s\000i\000n\000g\000\040\000T\000r\000a\000d\000e\000-\000O\000f\000f\000s}{section.3.5}% 55
\BOOKMARK [1][-]{section.3.6}{\376\377\000R\000e\000f\000l\000e\000c\000t\000i\000o\000n\000\040\000a\000n\000d\000\040\000S\000y\000n\000t\000h\000e\000s\000i\000s\000\040\000o\000f\000\040\000R\000e\000s\000e\000a\000r\000c\000h\000\040\000G\000a\000p\000s}{chapter.3}% 56
\BOOKMARK [2][-]{subsection.3.6.1}{\376\377\000S\000y\000n\000t\000h\000e\000s\000i\000s\000\040\000o\000f\000\040\000P\000r\000i\000o\000r\000\040\000L\000i\000t\000e\000r\000a\000t\000u\000r\000e\000\040\000L\000i\000m\000i\000t\000a\000t\000i\000o\000n\000s}{section.3.6}% 57
\BOOKMARK [2][-]{subsection.3.6.2}{\376\377\000F\000o\000r\000m\000a\000l\000\040\000R\000e\000s\000e\000a\000r\000c\000h\000\040\000G\000a\000p\000\040\000J\000u\000s\000t\000i\000f\000i\000c\000a\000t\000i\000o\000n}{section.3.6}% 58
\BOOKMARK [1][-]{section.3.7}{\376\377\000C\000h\000a\000p\000t\000e\000r\000\040\000S\000u\000m\000m\000a\000r\000y}{chapter.3}% 59
\BOOKMARK [0][-]{chapter.4}{\376\377\000M\000e\000t\000h\000o\000d\000o\000l\000o\000g\000y}{}% 60
\BOOKMARK [1][-]{section.4.1}{\376\377\000C\000h\000a\000p\000t\000e\000r\000\040\000O\000v\000e\000r\000v\000i\000e\000w}{chapter.4}% 61
\BOOKMARK [1][-]{section.4.2}{\376\377\000R\000e\000s\000e\000a\000r\000c\000h\000\040\000F\000r\000a\000m\000e\000w\000o\000r\000k\000\040\000a\000n\000d\000\040\000S\000c\000i\000e\000n\000t\000i\000f\000i\000c\000\040\000M\000e\000t\000h\000o\000d\000o\000l\000o\000g\000y}{chapter.4}% 62
\BOOKMARK [2][-]{subsection.4.2.1}{\376\377\000R\000e\000s\000e\000a\000r\000c\000h\000\040\000P\000a\000r\000a\000d\000i\000g\000m\000\040\000a\000n\000d\000\040\000D\000e\000d\000u\000c\000t\000i\000v\000e\000\040\000R\000e\000a\000s\000o\000n\000i\000n\000g}{section.4.2}% 63
\BOOKMARK [2][-]{subsection.4.2.2}{\376\377\000M\000e\000t\000h\000o\000d\000o\000l\000o\000g\000i\000c\000a\000l\000\040\000G\000r\000o\000u\000n\000d\000i\000n\000g\000\040\000v\000i\000a\000\040\000S\000a\000u\000n\000d\000e\000r\000s\000'\000\040\000R\000e\000s\000e\000a\000r\000c\000h\000\040\000O\000n\000i\000o\000n}{section.4.2}% 64
\BOOKMARK [2][-]{subsection.4.2.3}{\376\377\000D\000e\000s\000i\000g\000n\000\040\000S\000c\000i\000e\000n\000c\000e\000\040\000R\000e\000s\000e\000a\000r\000c\000h\000\040\000M\000e\000t\000h\000o\000d\000o\000l\000o\000g\000y\000\040\000\050\000D\000S\000R\000M\000\051}{section.4.2}% 65
\BOOKMARK [2][-]{subsection.4.2.4}{\376\377\000P\000a\000r\000t\000i\000t\000i\000o\000n\000e\000d\000\040\000D\000e\000v\000e\000l\000o\000p\000m\000e\000n\000t\000\040\000a\000n\000d\000\040\000E\000x\000p\000e\000r\000i\000m\000e\000n\000t\000a\000l\000\040\000S\000t\000r\000a\000t\000e\000g\000y}{section.4.2}% 66
\BOOKMARK [1][-]{section.4.3}{\376\377\000S\000y\000s\000t\000e\000m\000\040\000A\000r\000c\000h\000i\000t\000e\000c\000t\000u\000r\000e\000\040\000a\000n\000d\000\040\000S\000o\000f\000t\000w\000a\000r\000e\000\040\000D\000e\000s\000i\000g\000n}{chapter.4}% 67
\BOOKMARK [1][-]{section.4.4}{\376\377\000A\000p\000p\000l\000i\000c\000a\000t\000i\000o\000n\000\040\0001\000:\000\040\000L\000a\000y\000o\000u\000t\000\040\000D\000e\000s\000i\000g\000n\000e\000r\000\040\000S\000u\000i\000t\000e}{chapter.4}% 68
\BOOKMARK [2][-]{subsection.4.4.1}{\376\377\000K\000e\000y\000\040\000G\000e\000o\000m\000e\000t\000r\000y\000\040\000a\000n\000d\000\040\000F\000i\000d\000u\000c\000i\000a\000l\000\040\000A\000n\000c\000h\000o\000r\000\040\000P\000o\000s\000i\000t\000i\000o\000n\000i\000n\000g}{section.4.4}% 69
\BOOKMARK [2][-]{subsection.4.4.2}{\376\377\000S\000y\000n\000c\000h\000r\000o\000n\000i\000z\000e\000d\000\040\000E\000x\000p\000o\000r\000t\000\040\000E\000n\000g\000i\000n\000e}{section.4.4}% 70
\BOOKMARK [1][-]{section.4.5}{\376\377\000D\000a\000t\000a\000\040\000C\000o\000l\000l\000e\000c\000t\000i\000o\000n\000\040\000a\000n\000d\000\040\000K\000i\000n\000e\000m\000a\000t\000i\000c\000\040\000P\000r\000e\000p\000r\000o\000c\000e\000s\000s\000i\000n\000g\000\040\000P\000i\000p\000e\000l\000i\000n\000e}{chapter.4}% 71
\BOOKMARK [2][-]{subsection.4.5.1}{\376\377\000D\000a\000t\000a\000s\000e\000t\000\040\000C\000o\000l\000l\000e\000c\000t\000i\000o\000n\000\040\000P\000r\000o\000t\000o\000c\000o\000l\000\040\000a\000n\000d\000\040\000M\000e\000t\000h\000o\000d\000o\000l\000o\000g\000i\000c\000a\000l\000\040\000R\000i\000g\000o\000r}{section.4.5}% 72
\BOOKMARK [2][-]{subsection.4.5.2}{\376\377\0001\0002\000\040\000F\000P\000S\000\040\000S\000u\000b\000-\000S\000a\000m\000p\000l\000i\000n\000g\000\040\000a\000n\000d\000\040\000S\000i\000n\000g\000l\000e\000-\000H\000a\000n\000d\000\040\000T\000r\000a\000c\000k\000i\000n\000g}{section.4.5}% 73
\BOOKMARK [2][-]{subsection.4.5.3}{\376\377\000U\000n\000i\000t\000l\000e\000s\000s\000\040\000H\000a\000n\000d\000-\000L\000e\000n\000g\000t\000h\000\040\000S\000c\000a\000l\000e\000\040\000N\000o\000r\000m\000a\000l\000i\000z\000a\000t\000i\000o\000n}{section.4.5}% 74
\BOOKMARK [2][-]{subsection.4.5.4}{\376\377\000T\000e\000m\000p\000o\000r\000a\000l\000\040\000S\000l\000i\000d\000i\000n\000g\000\040\000W\000i\000n\000d\000o\000w\000\040\000C\000o\000n\000s\000t\000r\000u\000c\000t\000i\000o\000n}{section.4.5}% 75
\BOOKMARK [2][-]{subsection.4.5.5}{\376\377\000C\000P\000U\000\040\000T\000i\000m\000e\000\040\000B\000u\000d\000g\000e\000t\000\040\000f\000o\000r\000\040\0001\0002\000\040\000F\000P\000S\000\040\000R\000e\000a\000l\000-\000T\000i\000m\000e\000\040\000P\000r\000o\000c\000e\000s\000s\000i\000n\000g}{section.4.5}% 76
\BOOKMARK [1][-]{section.4.6}{\376\377\000D\000e\000e\000p\000\040\000L\000e\000a\000r\000n\000i\000n\000g\000\040\000S\000e\000q\000u\000e\000n\000c\000e\000\040\000M\000o\000d\000e\000l\000\040\000A\000r\000c\000h\000i\000t\000e\000c\000t\000u\000r\000e}{chapter.4}% 77
\BOOKMARK [2][-]{subsection.4.6.1}{\376\377\000M\000u\000l\000t\000i\000-\000F\000i\000n\000g\000e\000r\000\040\000T\000o\000u\000c\000h\000\040\000C\000o\000n\000t\000a\000c\000t\000\040\000C\000l\000a\000s\000s\000i\000f\000i\000c\000a\000t\000i\000o\000n}{section.4.6}% 78
\BOOKMARK [2][-]{subsection.4.6.2}{\376\377\000P\000y\000T\000o\000r\000c\000h\000\040\000L\000S\000T\000M\000\040\000S\000e\000q\000u\000e\000n\000c\000e\000\040\000C\000l\000a\000s\000s\000i\000f\000i\000e\000r}{section.4.6}% 79
\BOOKMARK [1][-]{section.4.7}{\376\377\000A\000p\000p\000l\000i\000c\000a\000t\000i\000o\000n\000\040\0002\000:\000\040\000R\000u\000n\000t\000i\000m\000e\000\040\000V\000i\000r\000t\000u\000a\000l\000\040\000K\000e\000y\000b\000o\000a\000r\000d\000\040\000E\000n\000g\000i\000n\000e}{chapter.4}% 80
\BOOKMARK [2][-]{subsection.4.7.1}{\376\377\000P\000l\000a\000n\000a\000r\000\040\000H\000o\000m\000o\000g\000r\000a\000p\000h\000y\000\040\000D\000e\000r\000i\000v\000a\000t\000i\000o\000n\000\040\000\050\000H\000\051}{section.4.7}% 81
\BOOKMARK [2][-]{subsection.4.7.2}{\376\377\000F\000i\000n\000g\000e\000r\000t\000i\000p\000\040\000C\000o\000o\000r\000d\000i\000n\000a\000t\000e\000\040\000T\000r\000a\000n\000s\000f\000o\000r\000m\000a\000t\000i\000o\000n\000\040\000a\000n\000d\000\040\000K\000e\000y\000\040\000L\000o\000o\000k\000u\000p}{section.4.7}% 82
\BOOKMARK [2][-]{subsection.4.7.3}{\376\377\000A\000c\000t\000i\000o\000n\000\040\000M\000u\000l\000t\000i\000p\000l\000e\000x\000i\000n\000g\000\040\000a\000n\000d\000\040\000C\000o\000m\000m\000a\000n\000d\000\040\000D\000i\000s\000p\000a\000t\000c\000h}{section.4.7}% 83
\BOOKMARK [1][-]{section.4.8}{\376\377\000C\000h\000a\000p\000t\000e\000r\000\040\000S\000u\000m\000m\000a\000r\000y}{chapter.4}% 84
\BOOKMARK [0][-]{chapter.5}{\376\377\000R\000e\000s\000u\000l\000t\000s}{}% 85
\BOOKMARK [1][-]{section.5.1}{\376\377\000C\000h\000a\000p\000t\000e\000r\000\040\000O\000v\000e\000r\000v\000i\000e\000w}{chapter.5}% 86
\BOOKMARK [1][-]{section.5.2}{\376\377\000T\000e\000s\000t\000\040\000P\000l\000a\000n\000\040\000a\000n\000d\000\040\000S\000t\000r\000u\000c\000t\000u\000r\000e\000d\000\040\000T\000e\000s\000t\000\040\000C\000a\000s\000e\000s}{chapter.5}% 87
\BOOKMARK [2][-]{subsection.5.2.1}{\376\377\000F\000u\000n\000c\000t\000i\000o\000n\000a\000l\000\040\000T\000e\000s\000t\000i\000n\000g\000\040\000S\000u\000i\000t\000e}{section.5.2}% 88
\BOOKMARK [2][-]{subsection.5.2.2}{\376\377\000N\000o\000n\000-\000F\000u\000n\000c\000t\000i\000o\000n\000a\000l\000\040\000T\000e\000s\000t\000i\000n\000g\000\040\000S\000u\000i\000t\000e}{section.5.2}% 89
\BOOKMARK [1][-]{section.5.3}{\376\377\000T\000e\000s\000t\000i\000n\000g\000\040\000a\000n\000d\000\040\000E\000v\000a\000l\000u\000a\000t\000i\000o\000n\000\040\000W\000o\000r\000k\000f\000l\000o\000w}{chapter.5}% 90
\BOOKMARK [1][-]{section.5.4}{\376\377\000D\000e\000t\000a\000i\000l\000e\000d\000\040\000E\000m\000p\000i\000r\000i\000c\000a\000l\000\040\000R\000e\000s\000u\000l\000t\000s\000\040\000a\000n\000d\000\040\000S\000t\000r\000a\000t\000e\000g\000y\000\040\000R\000e\000v\000i\000e\000w}{chapter.5}% 91
\BOOKMARK [2][-]{subsection.5.4.1}{\376\377\000D\000e\000e\000p\000\040\000L\000e\000a\000r\000n\000i\000n\000g\000\040\000M\000o\000d\000e\000l\000\040\000A\000r\000c\000h\000i\000t\000e\000c\000t\000u\000r\000e\000\040\000B\000e\000n\000c\000h\000m\000a\000r\000k\000\040\000E\000v\000a\000l\000u\000a\000t\000i\000o\000n}{section.5.4}% 92
\BOOKMARK [2][-]{subsection.5.4.2}{\376\377\000E\000v\000a\000l\000u\000a\000t\000i\000o\000n\000\040\000o\000f\000\040\000M\000e\000d\000i\000a\000P\000i\000p\000e\000\040\000L\000a\000n\000d\000m\000a\000r\000k\000\040\000S\000u\000b\000s\000e\000t\000s\000\040\000a\000n\000d\000\040\000K\000i\000n\000e\000m\000a\000t\000i\000c\000\040\000I\000n\000f\000o\000r\000m\000a\000t\000i\000o\000n\000\040\000C\000o\000n\000t\000e\000n\000t}{section.5.4}% 93
\BOOKMARK [2][-]{subsection.5.4.3}{\376\377\000T\000e\000m\000p\000o\000r\000a\000l\000\040\000W\000i\000n\000d\000o\000w\000\040\000L\000e\000n\000g\000t\000h\000\040\000a\000n\000d\000\040\000S\000t\000r\000i\000d\000e\000\040\000S\000e\000n\000s\000i\000t\000i\000v\000i\000t\000y\000\040\000A\000n\000a\000l\000y\000s\000i\000s}{section.5.4}% 94
\BOOKMARK [2][-]{subsection.5.4.4}{\376\377\000S\000c\000a\000l\000e\000\040\000N\000o\000r\000m\000a\000l\000i\000z\000a\000t\000i\000o\000n\000\040\000A\000b\000l\000a\000t\000i\000o\000n\000\040\000S\000t\000u\000d\000y\000\040\000A\000c\000r\000o\000s\000s\000\040\000D\000i\000s\000t\000a\000n\000c\000e\000\040\000a\000n\000d\000\040\000U\000s\000e\000r\000s}{section.5.4}% 95
\BOOKMARK [2][-]{subsection.5.4.5}{\376\377\000A\000p\000r\000i\000l\000T\000a\000g\000\040\000H\000o\000m\000o\000g\000r\000a\000p\000h\000y\000\040\000T\000r\000a\000c\000k\000i\000n\000g\000\040\000A\000c\000c\000u\000r\000a\000c\000y\000\040\000a\000n\000d\000\040\000T\000i\000l\000t\000\040\000S\000e\000n\000s\000i\000t\000i\000v\000i\000t\000y}{section.5.4}% 96
\BOOKMARK [2][-]{subsection.5.4.6}{\376\377\000R\000e\000a\000l\000-\000T\000i\000m\000e\000\040\000P\000i\000p\000e\000l\000i\000n\000e\000\040\000L\000a\000t\000e\000n\000c\000y\000\040\000a\000n\000d\000\040\000R\000e\000s\000o\000u\000r\000c\000e\000\040\000P\000r\000o\000f\000i\000l\000i\000n\000g}{section.5.4}% 97
\BOOKMARK [2][-]{subsection.5.4.7}{\376\377\000M\000a\000c\000r\000o\000\040\000C\000o\000m\000m\000a\000n\000d\000\040\000T\000r\000i\000g\000g\000e\000r\000\040\000E\000x\000e\000c\000u\000t\000i\000o\000n\000\040\000a\000n\000d\000\040\000M\000u\000l\000t\000i\000-\000P\000r\000o\000f\000i\000l\000e\000\040\000A\000c\000t\000i\000o\000n\000\040\000B\000e\000n\000c\000h\000m\000a\000r\000k}{section.5.4}% 98
\BOOKMARK [1][-]{section.5.5}{\376\377\000C\000h\000a\000p\000t\000e\000r\000\040\000S\000u\000m\000m\000a\000r\000y}{chapter.5}% 99
\BOOKMARK [0][-]{chapter.6}{\376\377\000D\000i\000s\000c\000u\000s\000s\000i\000o\000n\000\040\000a\000n\000d\000\040\000C\000o\000n\000c\000l\000u\000s\000i\000o\000n\000s}{}% 100
\BOOKMARK [1][-]{section.6.1}{\376\377\000C\000h\000a\000p\000t\000e\000r\000\040\000O\000v\000e\000r\000v\000i\000e\000w}{chapter.6}% 101
\BOOKMARK [1][-]{section.6.2}{\376\377\000A\000c\000c\000o\000m\000p\000l\000i\000s\000h\000m\000e\000n\000t\000\040\000o\000f\000\040\000R\000e\000s\000e\000a\000r\000c\000h\000\040\000O\000b\000j\000e\000c\000t\000i\000v\000e\000s}{chapter.6}% 102
\BOOKMARK [2][-]{subsection.6.2.1}{\376\377\000T\000r\000i\000a\000n\000g\000u\000l\000a\000t\000i\000o\000n\000\040\000E\000v\000a\000l\000u\000a\000t\000i\000o\000n\000\040\000o\000f\000\040\000O\000b\000j\000e\000c\000t\000i\000v\000e\000\040\0001\000:\000\040\000T\000h\000e\000o\000r\000e\000t\000i\000c\000a\000l\000\040\000A\000n\000a\000l\000y\000s\000i\000s\000\040\000a\000n\000d\000\040\000B\000a\000s\000e\000l\000i\000n\000e\000\040\000R\000e\000q\000u\000i\000r\000e\000m\000e\000n\000t\000s}{section.6.2}% 103
\BOOKMARK [2][-]{subsection.6.2.2}{\376\377\000T\000r\000i\000a\000n\000g\000u\000l\000a\000t\000i\000o\000n\000\040\000E\000v\000a\000l\000u\000a\000t\000i\000o\000n\000\040\000o\000f\000\040\000O\000b\000j\000e\000c\000t\000i\000v\000e\000\040\0002\000:\000\040\000H\000a\000n\000d\000\040\000K\000i\000n\000e\000m\000a\000t\000i\000c\000\040\000R\000e\000p\000r\000e\000s\000e\000n\000t\000a\000t\000i\000o\000n\000\040\000a\000n\000d\000\040\000S\000c\000a\000l\000e\000\040\000N\000o\000r\000m\000a\000l\000i\000z\000a\000t\000i\000o\000n}{section.6.2}% 104
\BOOKMARK [2][-]{subsection.6.2.3}{\376\377\000T\000r\000i\000a\000n\000g\000u\000l\000a\000t\000i\000o\000n\000\040\000E\000v\000a\000l\000u\000a\000t\000i\000o\000n\000\040\000o\000f\000\040\000O\000b\000j\000e\000c\000t\000i\000v\000e\000\040\0003\000:\000\040\000D\000e\000e\000p\000\040\000L\000e\000a\000r\000n\000i\000n\000g\000\040\000S\000e\000q\000u\000e\000n\000c\000e\000\040\000M\000o\000d\000e\000l\000\040\000A\000r\000c\000h\000i\000t\000e\000c\000t\000u\000r\000e\000\040\000B\000e\000n\000c\000h\000m\000a\000r\000k}{section.6.2}% 105
\BOOKMARK [2][-]{subsection.6.2.4}{\376\377\000T\000r\000i\000a\000n\000g\000u\000l\000a\000t\000i\000o\000n\000\040\000E\000v\000a\000l\000u\000a\000t\000i\000o\000n\000\040\000o\000f\000\040\000O\000b\000j\000e\000c\000t\000i\000v\000e\000\040\0004\000:\000\040\000S\000y\000s\000t\000e\000m\000\040\000A\000r\000c\000h\000i\000t\000e\000c\000t\000u\000r\000e\000\040\000E\000n\000g\000i\000n\000e\000e\000r\000i\000n\000g\000\040\000a\000n\000d\000\040\000T\000w\000o\000-\000A\000p\000p\000l\000i\000c\000a\000t\000i\000o\000n\000\040\000S\000u\000i\000t\000e\000\040\000D\000e\000s\000i\000g\000n}{section.6.2}% 106
\BOOKMARK [2][-]{subsection.6.2.5}{\376\377\000T\000r\000i\000a\000n\000g\000u\000l\000a\000t\000i\000o\000n\000\040\000E\000v\000a\000l\000u\000a\000t\000i\000o\000n\000\040\000o\000f\000\040\000O\000b\000j\000e\000c\000t\000i\000v\000e\000\040\0005\000:\000\040\000E\000m\000p\000i\000r\000i\000c\000a\000l\000\040\000S\000y\000s\000t\000e\000m\000\040\000E\000v\000a\000l\000u\000a\000t\000i\000o\000n\000\040\000a\000n\000d\000\040\000F\000u\000n\000c\000t\000i\000o\000n\000a\000l\000\040\000B\000e\000n\000c\000h\000m\000a\000r\000k\000i\000n\000g}{section.6.2}% 107
\BOOKMARK [1][-]{section.6.3}{\376\377\000P\000r\000o\000b\000l\000e\000m\000s\000\040\000E\000n\000c\000o\000u\000n\000t\000e\000r\000e\000d\000\040\000a\000n\000d\000\040\000T\000e\000c\000h\000n\000i\000c\000a\000l\000\040\000M\000i\000t\000i\000g\000a\000t\000i\000o\000n\000s}{chapter.6}% 108
\BOOKMARK [2][-]{subsection.6.3.1}{\376\377\000W\000e\000b\000c\000a\000m\000\040\000I\000m\000a\000g\000e\000\040\000Q\000u\000a\000l\000i\000t\000y\000\040\000a\000n\000d\000\040\000t\000h\000e\000\040\0001\0003\000\040\000F\000P\000S\000\040\000H\000a\000r\000d\000w\000a\000r\000e\000\040\000D\000i\000s\000c\000o\000v\000e\000r\000y}{section.6.3}% 109
\BOOKMARK [2][-]{subsection.6.3.2}{\376\377\000F\000a\000i\000l\000u\000r\000e\000\040\000o\000f\000\040\000H\000a\000n\000d\000-\000D\000r\000a\000w\000n\000\040\000P\000a\000p\000e\000r\000\040\000L\000a\000y\000o\000u\000t\000s\000\040\000a\000n\000d\000\040\000F\000r\000e\000e\000h\000a\000n\000d\000\040\000V\000i\000s\000i\000o\000n}{section.6.3}% 110
\BOOKMARK [2][-]{subsection.6.3.3}{\376\377\000C\000o\000r\000n\000e\000r\000\040\000M\000a\000r\000k\000e\000r\000\040\000O\000c\000c\000l\000u\000s\000i\000o\000n\000\040\000a\000n\000d\000\040\000t\000h\000e\000\040\000C\000o\000o\000r\000d\000i\000n\000a\000t\000e\000\040\000P\000r\000o\000j\000e\000c\000t\000i\000o\000n\000\040\000B\000r\000e\000a\000k\000t\000h\000r\000o\000u\000g\000h}{section.6.3}% 111
\BOOKMARK [2][-]{subsection.6.3.4}{\376\377\000F\000a\000l\000s\000e\000\040\000T\000o\000u\000c\000h\000\040\000T\000r\000i\000g\000g\000e\000r\000s\000\040\000D\000u\000r\000i\000n\000g\000\040\000H\000a\000n\000d\000\040\000T\000r\000a\000n\000s\000l\000a\000t\000i\000o\000n\000\040\000a\000n\000d\000\040\000t\000h\000e\000\040\0008\0002\000\045\000\040\000M\000o\000d\000e\000l\000\040\000C\000e\000i\000l\000i\000n\000g}{section.6.3}% 112
\BOOKMARK [2][-]{subsection.6.3.5}{\376\377\000T\000e\000n\000d\000o\000n\000\040\000C\000o\000u\000p\000l\000i\000n\000g\000\040\000a\000n\000d\000\040\000A\000b\000s\000e\000n\000c\000e\000\040\000o\000f\000\040\000M\000e\000c\000h\000a\000n\000i\000c\000a\000l\000\040\000T\000a\000c\000t\000i\000l\000e\000\040\000F\000e\000e\000d\000b\000a\000c\000k}{section.6.3}% 113
\BOOKMARK [1][-]{section.6.4}{\376\377\000S\000e\000l\000f\000-\000R\000e\000f\000l\000e\000c\000t\000i\000o\000n}{chapter.6}% 114
\BOOKMARK [2][-]{subsection.6.4.1}{\376\377\000Y\000o\000u\000r\000\040\000I\000d\000e\000o\000l\000o\000g\000y\000\040\000A\000b\000o\000u\000t\000\040\000t\000h\000e\000\040\000R\000e\000s\000e\000a\000r\000c\000h\000\040\000C\000a\000r\000r\000i\000e\000d\000\040\000O\000u\000t}{section.6.4}% 115
\BOOKMARK [2][-]{subsection.6.4.2}{\376\377\000B\000e\000n\000e\000f\000i\000t\000s\000\040\000G\000a\000i\000n\000e\000d}{section.6.4}% 116
\BOOKMARK [2][-]{subsection.6.4.3}{\376\377\000L\000e\000a\000r\000n\000i\000n\000g\000\040\000C\000u\000r\000v\000e\000s}{section.6.4}% 117
\BOOKMARK [1][-]{section.6.5}{\376\377\000B\000u\000s\000i\000n\000e\000s\000s\000\040\000I\000n\000s\000i\000g\000h\000t\000\040\000o\000f\000\040\000t\000h\000e\000\040\000P\000r\000o\000p\000o\000s\000e\000d\000\040\000C\000o\000n\000c\000e\000p\000t}{chapter.6}% 118
\BOOKMARK [2][-]{subsection.6.5.1}{\376\377\000C\000o\000m\000m\000e\000r\000c\000i\000a\000l\000\040\000V\000i\000a\000b\000i\000l\000i\000t\000y\000\040\000a\000n\000d\000\040\000C\000o\000s\000t\000\040\000E\000f\000f\000i\000c\000i\000e\000n\000c\000y}{section.6.5}% 119
\BOOKMARK [2][-]{subsection.6.5.2}{\376\377\000R\000e\000a\000l\000-\000W\000o\000r\000l\000d\000\040\000A\000p\000p\000l\000i\000c\000a\000t\000i\000o\000n\000\040\000P\000o\000s\000s\000i\000b\000i\000l\000i\000t\000i\000e\000s}{section.6.5}% 120
\BOOKMARK [1][-]{section.6.6}{\376\377\000F\000u\000t\000u\000r\000e\000\040\000R\000e\000c\000o\000m\000m\000e\000n\000d\000a\000t\000i\000o\000n\000s}{chapter.6}% 121
\BOOKMARK [1][-]{section.6.7}{\376\377\000C\000h\000a\000p\000t\000e\000r\000\040\000S\000u\000m\000m\000a\000r\000y}{chapter.6}% 122
\BOOKMARK [0][-]{chapter*.32}{\376\377\000R\000e\000f\000e\000r\000e\000n\000c\000e\000s}{}% 123
\BOOKMARK [0][-]{appendix.A}{\376\377\000P\000h\000y\000s\000i\000c\000a\000l\000\040\000E\000x\000p\000e\000r\000i\000m\000e\000n\000t\000a\000l\000\040\000S\000e\000t\000u\000p\000\040\000a\000n\000d\000\040\000P\000r\000i\000n\000t\000a\000b\000l\000e\000\040\000L\000a\000y\000o\000u\000t\000\040\000A\000r\000t\000i\000f\000a\000c\000t\000s}{}% 124
\BOOKMARK [1][-]{appendix.A.1}{\376\377\000O\000v\000e\000r\000v\000i\000e\000w\000\040\000o\000f\000\040\000t\000h\000e\000\040\000P\000h\000y\000s\000i\000c\000a\000l\000\040\000S\000e\000t\000u\000p}{appendix.A}% 125
\BOOKMARK [1][-]{appendix.A.2}{\376\377\000P\000r\000i\000n\000t\000a\000b\000l\000e\000\040\000V\000e\000c\000t\000o\000r\000\040\000L\000a\000y\000o\000u\000t\000\040\000A\000r\000t\000i\000f\000a\000c\000t}{appendix.A}% 126
\BOOKMARK [0][-]{appendix.B}{\376\377\000A\000p\000p\000l\000i\000c\000a\000t\000i\000o\000n\000\040\0001\000:\000\040\000P\000a\000p\000e\000r\000\040\000L\000a\000y\000o\000u\000t\000\040\000D\000e\000s\000i\000g\000n\000e\000r\000\040\000S\000u\000i\000t\000e}{}% 127
\BOOKMARK [1][-]{appendix.B.1}{\376\377\000O\000v\000e\000r\000v\000i\000e\000w\000\040\000o\000f\000\040\000t\000h\000e\000\040\000D\000e\000s\000i\000g\000n\000e\000r\000\040\000A\000p\000p\000l\000i\000c\000a\000t\000i\000o\000n}{appendix.B}% 128
\BOOKMARK [1][-]{appendix.B.2}{\376\377\000I\000n\000t\000e\000r\000a\000c\000t\000i\000v\000e\000\040\0002\000D\000\040\000D\000e\000s\000i\000g\000n\000\040\000C\000a\000n\000v\000a\000s\000\040\000a\000n\000d\000\040\000P\000r\000o\000p\000e\000r\000t\000y\000\040\000I\000n\000s\000p\000e\000c\000t\000o\000r}{appendix.B}% 129
\BOOKMARK [1][-]{appendix.B.3}{\376\377\000V\000e\000c\000t\000o\000r\000\040\000P\000D\000F\000\040\000E\000x\000p\000o\000r\000t\000\040\000a\000n\000d\000\040\000P\000r\000i\000n\000t\000\040\000D\000i\000a\000l\000o\000g}{appendix.B}% 130
\BOOKMARK [1][-]{appendix.B.4}{\376\377\000D\000e\000s\000i\000g\000n\000e\000r\000\040\000P\000r\000e\000f\000e\000r\000e\000n\000c\000e\000s\000\040\000a\000n\000d\000\040\000S\000n\000a\000p\000-\000G\000r\000i\000d\000\040\000C\000o\000n\000f\000i\000g\000u\000r\000a\000t\000i\000o\000n}{appendix.B}% 131
\BOOKMARK [1][-]{appendix.B.5}{\376\377\000E\000x\000p\000o\000r\000t\000e\000d\000\040\000P\000a\000p\000e\000r\000\040\000L\000a\000y\000o\000u\000t\000\040\000X\000M\000L\000\040\000D\000a\000t\000a\000\040\000S\000t\000r\000u\000c\000t\000u\000r\000e}{appendix.B}% 132
\BOOKMARK [0][-]{appendix.C}{\376\377\000A\000p\000p\000l\000i\000c\000a\000t\000i\000o\000n\000\040\0002\000:\000\040\000R\000u\000n\000t\000i\000m\000e\000\040\000V\000i\000r\000t\000u\000a\000l\000\040\000K\000e\000y\000b\000o\000a\000r\000d\000\040\000E\000n\000g\000i\000n\000e\000\040\000a\000n\000d\000\040\000L\000i\000v\000e\000\040\000T\000r\000a\000c\000k\000i\000n\000g}{}% 133
\BOOKMARK [1][-]{appendix.C.1}{\376\377\000O\000v\000e\000r\000v\000i\000e\000w\000\040\000o\000f\000\040\000t\000h\000e\000\040\000R\000u\000n\000t\000i\000m\000e\000\040\000E\000n\000g\000i\000n\000e}{appendix.C}% 134
\BOOKMARK [1][-]{appendix.C.2}{\376\377\000A\000c\000t\000i\000o\000n\000\040\000R\000e\000b\000i\000n\000d\000i\000n\000g\000\040\000a\000n\000d\000\040\000P\000r\000o\000f\000i\000l\000e\000\040\000M\000a\000n\000a\000g\000e\000m\000e\000n\000t}{appendix.C}% 135
\BOOKMARK [1][-]{appendix.C.3}{\376\377\000L\000i\000v\000e\000\040\000C\000a\000m\000e\000r\000a\000\040\000T\000r\000a\000c\000k\000i\000n\000g\000\040\000i\000n\000\040\000I\000d\000l\000e\000\040\000a\000n\000d\000\040\000C\000o\000n\000t\000a\000c\000t\000\040\000S\000t\000a\000t\000e\000s}{appendix.C}% 136
\BOOKMARK [1][-]{appendix.C.4}{\376\377\000P\000r\000o\000d\000u\000c\000t\000i\000o\000n\000\040\000R\000u\000n\000\040\000M\000o\000d\000e\000\040\000a\000n\000d\000\040\000A\000c\000t\000i\000o\000n\000\040\000E\000v\000e\000n\000t\000\040\000L\000o\000g}{appendix.C}% 137
\BOOKMARK [1][-]{appendix.C.5}{\376\377\000R\000u\000n\000t\000i\000m\000e\000\040\000E\000n\000g\000i\000n\000e\000\040\000P\000r\000e\000f\000e\000r\000e\000n\000c\000e\000s\000\040\000a\000n\000d\000\040\000D\000e\000t\000e\000c\000t\000i\000o\000n\000\040\000P\000a\000r\000a\000m\000e\000t\000e\000r\000s}{appendix.C}% 138
\BOOKMARK [0][-]{appendix.D}{\376\377\000G\000r\000o\000u\000n\000d\000-\000T\000r\000u\000t\000h\000\040\000D\000a\000t\000a\000s\000e\000t\000\040\000A\000n\000n\000o\000t\000a\000t\000i\000o\000n\000\040\000P\000l\000a\000t\000f\000o\000r\000m}{}% 139
\BOOKMARK [1][-]{appendix.D.1}{\376\377\000O\000v\000e\000r\000v\000i\000e\000w\000\040\000o\000f\000\040\000t\000h\000e\000\040\000A\000n\000n\000o\000t\000a\000t\000i\000o\000n\000\040\000S\000u\000i\000t\000e}{appendix.D}% 140
\BOOKMARK [1][-]{appendix.D.2}{\376\377\000F\000r\000a\000m\000e\000-\000b\000y\000-\000F\000r\000a\000m\000e\000\040\000S\000k\000e\000l\000e\000t\000a\000l\000\040\000A\000n\000n\000o\000t\000a\000t\000i\000o\000n\000\040\000I\000n\000t\000e\000r\000f\000a\000c\000e}{appendix.D}% 141
\BOOKMARK [1][-]{appendix.D.3}{\376\377\000R\000a\000p\000i\000d\000\040\000K\000e\000y\000b\000o\000a\000r\000d\000\040\000S\000h\000o\000r\000t\000c\000u\000t\000s\000\040\000f\000o\000r\000\040\000A\000n\000n\000o\000t\000a\000t\000i\000o\000n\000\040\000E\000f\000f\000i\000c\000i\000e\000n\000c\000y}{appendix.D}% 142
\BOOKMARK [0][-]{appendix.E}{\376\377\000E\000m\000p\000i\000r\000i\000c\000a\000l\000\040\000M\000o\000d\000e\000l\000\040\000B\000e\000n\000c\000h\000m\000a\000r\000k\000i\000n\000g\000\040\000a\000n\000d\000\040\000L\000a\000t\000e\000n\000c\000y\000\040\000P\000r\000o\000f\000i\000l\000i\000n\000g}{}% 143
\BOOKMARK [1][-]{appendix.E.1}{\376\377\000O\000v\000e\000r\000v\000i\000e\000w\000\040\000o\000f\000\040\000E\000m\000p\000i\000r\000i\000c\000a\000l\000\040\000B\000e\000n\000c\000h\000m\000a\000r\000k\000\040\000C\000h\000a\000r\000t\000s}{appendix.E}% 144
\BOOKMARK [1][-]{appendix.E.2}{\376\377\000M\000o\000d\000e\000l\000\040\000A\000r\000c\000h\000i\000t\000e\000c\000t\000u\000r\000e\000\040\000A\000c\000c\000u\000r\000a\000c\000y\000\040\000v\000e\000r\000s\000u\000s\000\040\000C\000P\000U\000\040\000L\000a\000t\000e\000n\000c\000y}{appendix.E}% 145
\BOOKMARK [1][-]{appendix.E.3}{\376\377\000P\000e\000r\000-\000D\000i\000g\000i\000t\000\040\000T\000o\000u\000c\000h\000\040\000C\000o\000n\000f\000u\000s\000i\000o\000n\000\040\000M\000a\000t\000r\000i\000x}{appendix.E}% 146
\BOOKMARK [1][-]{appendix.E.4}{\376\377\000A\000p\000r\000i\000l\000T\000a\000g\000\040\000H\000o\000m\000o\000g\000r\000a\000p\000h\000y\000\040\000T\000r\000a\000c\000k\000i\000n\000g\000\040\000U\000n\000d\000e\000r\000\040\000P\000e\000r\000s\000p\000e\000c\000t\000i\000v\000e\000\040\000T\000i\000l\000t}{appendix.E}% 147
\BOOKMARK [1][-]{appendix.E.5}{\376\377\000M\000u\000l\000t\000i\000-\000T\000h\000r\000e\000a\000d\000e\000d\000\040\000R\000e\000a\000l\000-\000T\000i\000m\000e\000\040\000P\000i\000p\000e\000l\000i\000n\000e\000\040\000L\000a\000t\000e\000n\000c\000y\000\040\000B\000r\000e\000a\000k\000d\000o\000w\000n}{appendix.E}% 148
